
> fitmax-ai@0.1.1 build
> next build

  Γû▓ Next.js 14.2.35
  - Environments: .env.local, .env

   Creating an optimized production build ...
 Γ£ô Compiled successfully
   Linting and checking validity of types ...

./app/dashboard/meals/page.tsx
41:8  Warning: React Hook useEffect has a missing dependency: 'fetchRecommendation'. Either include it or remove the dependency array.  react-hooks/exhaustive-deps

./app/dashboard/profile/page.tsx
204:8  Warning: React Hook useEffect has missing dependencies: 'router' and 'supabase.auth'. Either include them or remove the dependency array.  react-hooks/exhaustive-deps

./components/workout/WorkoutSession.tsx
215:21  Warning: Using `<img>` could result in slower LCP and higher bandwidth. Consider using `<Image />` from `next/image` to automatically optimize images. This may incur additional usage or cost from your provider. See: https://nextjs.org/docs/messages/no-img-element  @next/next/no-img-element

info  - Need to disable some ESLint rules? Learn more here: https://nextjs.org/docs/basic-features/eslint#disabling-rules
   Collecting page data ...
Initializing PrismaClient with adapter (Prisma 7)...
DATABASE_URL: Defined
Initializing PrismaClient with adapter (Prisma 7)...
DATABASE_URL: Defined
Initializing PrismaClient with adapter (Prisma 7)...
DATABASE_URL: Defined
   Generating static pages (0/21) ...
   Generating static pages (5/21) 
node.exe :  Γ¿» 
useSearchParams() 
should be wrapped in a 
suspense boundary at 
page "/login". Read 
more: https://nextjs.or
g/docs/messages/missing
-suspense-with-csr-bail
out
At line:1 char:1
+ & "C:\Program 
Files\nodejs/node.exe" 
"C:\Program 
Files\nodejs/node_mo 
...
+ ~~~~~~~~~~~~~~~~~~~~~
~~~~~~~~~~~~~~~~~~~~~~~
~~~~~~~~~~~~~~~~~~~~~~~
~~
    + CategoryInfo     
         : NotSpecifi  
  ed: ( Γ¿» useSearc   
 hP...ith-csr-bailo    
ut:String) [], Rem    
oteException
    + FullyQualifiedEr 
   rorId : NativeComm  
  andError
 
    at o (C:\Users\YUVA
N\Downloads\FitMax AI 2
k26\.next\server\chunks
\82.js:1:10672)
    at s (C:\Users\YUVA
N\Downloads\FitMax AI 2
k26\.next\server\chunks
\82.js:1:21608)
    at u (C:\Users\YUVA
N\Downloads\FitMax AI 2
k26\.next\server\app\lo
gin\page.js:1:2717)
    at nj (C:\Users\YUV
AN\Downloads\FitMax AI 
2k26\node_modules\next\
dist\compiled\next-serv
er\app-page.runtime.pro
d.js:12:46252)
    at nM (C:\Users\YUV
AN\Downloads\FitMax AI 
2k26\node_modules\next\
dist\compiled\next-serv
er\app-page.runtime.pro
d.js:12:47572)
    at nL (C:\Users\YUV
AN\Downloads\FitMax AI 
2k26\node_modules\next\
dist\compiled\next-serv
er\app-page.runtime.pro
d.js:12:64547)
    at nI (C:\Users\YUV
AN\Downloads\FitMax AI 
2k26\node_modules\next\
dist\compiled\next-serv
er\app-page.runtime.pro
d.js:12:47011)
    at nM (C:\Users\YUV
AN\Downloads\FitMax AI 
2k26\node_modules\next\
dist\compiled\next-serv
er\app-page.runtime.pro
d.js:12:47718)
    at nM (C:\Users\YUV
AN\Downloads\FitMax AI 
2k26\node_modules\next\
dist\compiled\next-serv
er\app-page.runtime.pro
d.js:12:61547)
    at nL (C:\Users\YUV
AN\Downloads\FitMax AI 
2k26\node_modules\next\
dist\compiled\next-serv
er\app-page.runtime.pro
d.js:12:64547)

Error occurred 
prerendering page 
"/login". Read more: ht
tps://nextjs.org/docs/m
essages/prerender-error

   Generating static pages (10/21) 
Initializing PrismaClient with adapter (Prisma 7)...
DATABASE_URL: Defined
Initializing PrismaClient with adapter (Prisma 7)...
DATABASE_URL: Defined
Initializing PrismaClient with adapter (Prisma 7)...
DATABASE_URL: Defined
   Generating static pages (15/21) 
 Γ£ô Generating static pages (21/21)

> Export encountered 
errors on following 
paths:
	/login/page: /login
